exports[`<Thumb /> (Snapshot) renders a thumbnail component 1`] = `
<li
  className="thumb"
  style={
    Object {
      "backgroundImage": "url(\"https://farmundefined.staticflickr.com/undefined/undefined_undefined.jpg\")",
    }
  }>
  <a
    className="thumb__link"
    href="https://farmundefined.staticflickr.com/undefined/undefined_undefined_c.jpg"
    onClick={[Function]}
    rel="noopener noreferrer"
    target="_blank">
    <span
      className="thumb__title" />
  </a>
</li>
`;
